------------------------------------------------------
BOOTP Options
------------------------------------------------------
Op Code (op) = 1 [BOOTREQUEST]
Hardware Type (htype) = 15 [Frame Relay]
Hardware Address Length (hlen) = 2
Hops (hops) = 0
Transaction ID (xid) = 1000000 (0xf4240)
Seconds (secs) = 0 Days, 0:00:00
Flags (flags) = 0
Client IP Address (ciaddr) = 0.0.0.0
Your IP Address (yiaddr) = 0.0.0.0
Server IP Address (siaddr) = 0.0.0.0
Relay IP Address (giaddr) = 0.0.0.0
Client Ethernet Address (chaddr) = 2b2e
------------------------------------------------------
DHCP Options
------------------------------------------------------
Magic Cookie = [OK]
Message Type = DHCP Discover
