Title: The Shawshank Redemption
Rating: 9.300000
Runtime: 142
Year: 1994
Genre: Drama
Oscar nominated? yes
[1994] The Shawshank Redemption - 142 minutes
