w3.cs.jmu.edu http: TCP IPv6 ::ffff:134.126.20.33
