NEW.ADMIT -> RDY
RDY.SCHEDULE -> NST
RDY.DISPATCH -> RUN
RUN.SCHEDULE -> RDY
RDY.BLOCK -> BLK
BLK.BLOCK -> NST
BLK.EXIT -> NST
BLK.KILL -> TRM
