------------------------------------------------------
BOOTP Options
------------------------------------------------------
Op Code (op) = 1 [BOOTREQUEST]
Hardware Type (htype) = 19 [Asynchronous Transmission Mode (ATM)]
Hardware Address Length (hlen) = 20
Hops (hops) = 0
Transaction ID (xid) = 123456789 (0x75bcd15)
Seconds (secs) = 0 Days, 0:00:00
Flags (flags) = 0
Client IP Address (ciaddr) = 0.0.0.0
Your IP Address (yiaddr) = 0.0.0.0
Server IP Address (siaddr) = 0.0.0.0
Relay IP Address (giaddr) = 0.0.0.0
Client Ethernet Address (chaddr) = 08002b2ed85e08002b2ed85e08002b2ed85e0000
------------------------------------------------------
DHCP Options
------------------------------------------------------
Magic Cookie = [OK]
Message Type = DHCP Discover
