------------------------------------------------------
BOOTP Options
------------------------------------------------------
Op Code (op) = 1 [BOOTREQUEST]
Hardware Type (htype) = 1 [Ethernet (10Mb)]
Hardware Address Length (hlen) = 6
Hops (hops) = 0
Transaction ID (xid) = 42 (0x2a)
Seconds (secs) = 0 Days, 0:00:00
Flags (flags) = 0
Client IP Address (ciaddr) = 127.0.0.1
Your IP Address (yiaddr) = 0.0.0.0
Server IP Address (siaddr) = 0.0.0.0
Relay IP Address (giaddr) = 0.0.0.0
Client Ethernet Address (chaddr) = 08002b2ed85e
