------------------------------------------------------
BOOTP Options
------------------------------------------------------
Op Code (op) = 2 [BOOTREPLY]
Hardware Type (htype) = 1 [Ethernet (10Mb)]
Hardware Address Length (hlen) = 6
Hops (hops) = 0
Transaction ID (xid) = 556223005 (0x21274a1d)
Seconds (secs) = 0 Days, 0:00:00
Flags (flags) = 0
Client IP Address (ciaddr) = 0.0.0.0
Your IP Address (yiaddr) = 0.0.0.0
Server IP Address (siaddr) = 0.0.0.0
Relay IP Address (giaddr) = 0.0.0.0
Client Ethernet Address (chaddr) = 08002b2ed85e
------------------------------------------------------
DHCP Options
------------------------------------------------------
Magic Cookie = [OK]
Message Type = DHCP NAK
Server Identifier = 10.2.1.1
