Result: HTTP/1.0 200 OK
Type: text/html; charset=ISO-8859-1
